#-----------------------------------------------------------
# Vivado v2024.2 (64-bit)
# SW Build 5239630 on Fri Nov 08 22:34:34 MST 2024
# IP Build 5239520 on Sun Nov 10 16:12:51 MST 2024
# SharedData Build 5239561 on Fri Nov 08 14:39:27 MST 2024
# Start of session at: Fri Aug 22 12:51:16 2025
# Process ID         : 294845
# Current directory  : /home/drew/vhdl-dsp-project/DSP-VHDL-Arty-S7/phase1/blinking_LED/blinking_LED.runs/impl_1
# Command line       : vivado -log blinking_LED.vdi -applog -product Vivado -messageDb vivado.pb -mode batch -source blinking_LED.tcl -notrace
# Log file           : /home/drew/vhdl-dsp-project/DSP-VHDL-Arty-S7/phase1/blinking_LED/blinking_LED.runs/impl_1/blinking_LED.vdi
# Journal file       : /home/drew/vhdl-dsp-project/DSP-VHDL-Arty-S7/phase1/blinking_LED/blinking_LED.runs/impl_1/vivado.jou
# Running On         : drew-SER
# Platform           : Ubuntu
# Operating System   : Ubuntu 24.04.2 LTS
# Processor Detail   : AMD Ryzen 7 PRO 5850U with Radeon Graphics
# CPU Frequency      : 1113.000 MHz
# CPU Physical cores : 8
# CPU Logical cores  : 16
# Host memory        : 29342 MB
# Swap memory        : 8589 MB
# Total Virtual      : 37932 MB
# Available Virtual  : 30357 MB
#-----------------------------------------------------------
source blinking_LED.tcl -notrace
